src/hooks/useAuth.tsx(4,9): error TS2304: Cannot find name 'User'.
src/hooks/useAuth.tsx(5,12): error TS2304: Cannot find name 'Session'.
src/hooks/useAuth.tsx(13,21): error TS2304: Cannot find name 'createContext'.
src/hooks/useAuth.tsx(23,30): error TS2304: Cannot find name 'useContext'.
src/hooks/useAuth.tsx(25,56): error TS2304: Cannot find name 'ReactNode'.
src/hooks/useAuth.tsx(26,27): error TS2304: Cannot find name 'useState'.
src/hooks/useAuth.tsx(26,36): error TS2304: Cannot find name 'User'.
src/hooks/useAuth.tsx(27,33): error TS2304: Cannot find name 'useState'.
src/hooks/useAuth.tsx(27,42): error TS2304: Cannot find name 'Session'.
src/hooks/useAuth.tsx(28,33): error TS2304: Cannot find name 'useState'.
src/hooks/useAuth.tsx(29,33): error TS2304: Cannot find name 'useState'.
src/hooks/useAuth.tsx(30,33): error TS2304: Cannot find name 'useState'.
src/hooks/useAuth.tsx(33,28): error TS2304: Cannot find name 'supabase'.
src/hooks/useAuth.tsx(42,28): error TS2304: Cannot find name 'supabase'.
src/hooks/useAuth.tsx(54,3): error TS2304: Cannot find name 'useEffect'.
src/hooks/useAuth.tsx(55,40): error TS2304: Cannot find name 'supabase'.
src/hooks/useAuth.tsx(72,5): error TS2304: Cannot find name 'supabase'.
src/hooks/useAuth.tsx(86,11): error TS2304: Cannot find name 'supabase'.
